main.c:36:5:main	8	static
main.c:66:6:HAL_TIM_PeriodElapsedCallback	16	static
main.c:74:13:Task_Print_10ms	8	static
main.c:78:13:Task_ButtonScan_10ms	16	static
main.c:98:13:Task_500ms	8	static
main.c:99:13:Task_1000ms	8	static
main.c:100:13:Task_1500ms	8	static
main.c:101:13:Task_2000ms	8	static
main.c:102:13:Task_2500ms	8	static
main.c:104:13:OneShot_A	8	static
main.c:105:13:OneShot_B	8	static
main.c:108:6:SystemClock_Config	80	static
main.c:135:13:MX_TIM2_Init	8	static
main.c:150:13:MX_USART1_UART_Init	8	static
main.c:163:13:MX_GPIO_Init	32	static
main.c:182:6:Error_Handler	8	static,ignoring_inline_asm
