15:35:52 **** Incremental Build of configuration Debug for project LAB 1.3 ****
make -j12 all 
arm-none-eabi-gcc "../Core/Src/main.c" -mcpu=cortex-m3 -std=gnu11 -g3 -DDEBUG -DUSE_HAL_DRIVER -DSTM32F103x6 -c -I../Core/Inc -I../Drivers/STM32F1xx_HAL_Driver/Inc -I../Drivers/STM32F1xx_HAL_Driver/Inc/Legacy -I../Drivers/CMSIS/Device/ST/STM32F1xx/Include -I../Drivers/CMSIS/Include -O0 -ffunction-sections -fdata-sections -Wall -fstack-usage -MMD -MP -MF"Core/Src/main.d" -MT"Core/Src/main.o" --specs=nano.specs -mfloat-abi=soft -mthumb -o "Core/Src/main.o"
arm-none-eabi-gcc -o "LAB 1.3.elf" @"objects.list"   -mcpu=cortex-m3 -T"D:\New folder (2)\LAB 1\Code\LAB 1.3\STM32F103C6UX_FLASH.ld" --specs=nosys.specs -Wl,-Map="LAB 1.3.map" -Wl,--gc-sections -static --specs=nano.specs -mfloat-abi=soft -mthumb -Wl,--start-group -lc -lm -Wl,--end-group
Finished building target: LAB 1.3.elf
 
arm-none-eabi-size   LAB\ 1.3.elf 
arm-none-eabi-objdump -h -S  LAB\ 1.3.elf  > "LAB 1.3.list"
arm-none-eabi-objcopy  -O ihex  LAB\ 1.3.elf  "LAB 1.3.hex"
   text	   data	    bss	    dec	    hex	filename
   4952	     20	   1572	   6544	   1990	LAB 1.3.elf
arm-none-eabi-objcopy  -O binary  LAB\ 1.3.elf  "LAB 1.3.bin"
Finished building: default.size.stdout
 
Finished building: LAB 1.3.hex
Finished building: LAB 1.3.bin
 
Finished building: LAB 1.3.list
 
 

15:35:53 Build Finished. 0 errors, 0 warnings. (took 1s.30ms)

