08:34:07 **** Incremental Build of configuration Debug for project LAB 1.2 ****
make -j12 all 
arm-none-eabi-gcc "../Core/Src/main.c" -mcpu=cortex-m3 -std=gnu11 -g3 -DDEBUG -DUSE_HAL_DRIVER -DSTM32F103x6 -c -I../Core/Inc -I../Drivers/STM32F1xx_HAL_Driver/Inc -I../Drivers/STM32F1xx_HAL_Driver/Inc/Legacy -I../Drivers/CMSIS/Device/ST/STM32F1xx/Include -I../Drivers/CMSIS/Include -O0 -ffunction-sections -fdata-sections -Wall -fstack-usage -MMD -MP -MF"Core/Src/main.d" -MT"Core/Src/main.o" --specs=nano.specs -mfloat-abi=soft -mthumb -o "Core/Src/main.o"
arm-none-eabi-gcc -o "LAB 1.2.elf" @"objects.list"   -mcpu=cortex-m3 -T"D:\New folder (2)\LAB 1\Code\LAB 1.2\STM32F103C6UX_FLASH.ld" --specs=nosys.specs -Wl,-Map="LAB 1.2.map" -Wl,--gc-sections -static --specs=nano.specs -mfloat-abi=soft -mthumb -Wl,--start-group -lc -lm -Wl,--end-group
Finished building target: LAB 1.2.elf
 
arm-none-eabi-size   LAB\ 1.2.elf 
arm-none-eabi-objdump -h -S  LAB\ 1.2.elf  > "LAB 1.2.list"
arm-none-eabi-objcopy  -O ihex  LAB\ 1.2.elf  "LAB 1.2.hex"
   text	   data	    bss	    dec	    hex	filename
   4628	     20	   1572	   6220	   184c	LAB 1.2.elf
arm-none-eabi-objcopy  -O binary  LAB\ 1.2.elf  "LAB 1.2.bin"
Finished building: default.size.stdout
 
Finished building: LAB 1.2.hex
Finished building: LAB 1.2.bin
Finished building: LAB 1.2.list
 
 
 

08:34:08 Build Finished. 0 errors, 0 warnings. (took 1s.24ms)

